[INFO] Scanning for projects...
[INFO] 
[INFO] ---------------------< com.SpiderSync:SpiderSync >----------------------
[INFO] Building SpiderSync 0.0.1-SNAPSHOT
[INFO]   from pom.xml
[INFO] --------------------------------[ jar ]---------------------------------
[INFO] 
[INFO] --- clean:3.4.0:clean (default-clean) @ SpiderSync ---
[INFO] Deleting C:\Users\LO Q\IdeaProjects\SpiderSync\target
[INFO] 
[INFO] --- resources:3.3.1:resources (default-resources) @ SpiderSync ---
[INFO] Copying 2 resources from src\main\resources to target\classes
[INFO] Copying 4 resources from src\main\resources to target\classes
[INFO] 
[INFO] --- compiler:3.13.0:compile (default-compile) @ SpiderSync ---
[INFO] Recompiling the module because of changed source code.
[INFO] Compiling 34 source files with javac [debug parameters release 21] to target\classes
[INFO] /C:/Users/LO Q/IdeaProjects/SpiderSync/src/main/java/com/Project/SpiderSync/security/JwtService.java: Some input files use or override a deprecated API.
[INFO] /C:/Users/LO Q/IdeaProjects/SpiderSync/src/main/java/com/Project/SpiderSync/security/JwtService.java: Recompile with -Xlint:deprecation for details.
[INFO] -------------------------------------------------------------
[ERROR] COMPILATION ERROR : 
[INFO] -------------------------------------------------------------
[ERROR] /C:/Users/LO Q/IdeaProjects/SpiderSync/src/main/java/com/Project/SpiderSync/security/JwtAuthenticationFilter.java:[7,14] package lombok does not exist
[ERROR] /C:/Users/LO Q/IdeaProjects/SpiderSync/src/main/java/com/Project/SpiderSync/security/JwtAuthenticationFilter.java:[20,2] cannot find symbol
  symbol: class RequiredArgsConstructor
[ERROR] /C:/Users/LO Q/IdeaProjects/SpiderSync/src/main/java/com/Project/SpiderSync/controller/AuthController.java:[8,14] package lombok does not exist
[ERROR] /C:/Users/LO Q/IdeaProjects/SpiderSync/src/main/java/com/Project/SpiderSync/controller/CrawlController.java:[10,14] package lombok does not exist
[ERROR] /C:/Users/LO Q/IdeaProjects/SpiderSync/src/main/java/com/Project/SpiderSync/controller/CrawlController.java:[22,2] cannot find symbol
  symbol: class RequiredArgsConstructor
[ERROR] /C:/Users/LO Q/IdeaProjects/SpiderSync/src/main/java/com/Project/SpiderSync/controller/SearchController.java:[12,14] package lombok does not exist
[ERROR] /C:/Users/LO Q/IdeaProjects/SpiderSync/src/main/java/com/Project/SpiderSync/controller/SearchController.java:[19,2] cannot find symbol
  symbol: class RequiredArgsConstructor
[ERROR] /C:/Users/LO Q/IdeaProjects/SpiderSync/src/main/java/com/Project/SpiderSync/security/CustomUserDetailsService.java:[5,14] package lombok does not exist
[ERROR] /C:/Users/LO Q/IdeaProjects/SpiderSync/src/main/java/com/Project/SpiderSync/security/CustomUserDetailsService.java:[15,2] cannot find symbol
  symbol: class RequiredArgsConstructor
[INFO] 9 errors 
[INFO] -------------------------------------------------------------
[INFO] ------------------------------------------------------------------------
[INFO] BUILD FAILURE
[INFO] ------------------------------------------------------------------------
[INFO] Total time:  4.433 s
[INFO] Finished at: 2026-01-20T16:29:16+05:30
[INFO] ------------------------------------------------------------------------
[ERROR] Failed to execute goal org.apache.maven.plugins:maven-compiler-plugin:3.13.0:compile (default-compile) on project SpiderSync: Compilation failure: Compilation failure: 
[ERROR] /C:/Users/LO Q/IdeaProjects/SpiderSync/src/main/java/com/Project/SpiderSync/security/JwtAuthenticationFilter.java:[7,14] package lombok does not exist
[ERROR] /C:/Users/LO Q/IdeaProjects/SpiderSync/src/main/java/com/Project/SpiderSync/security/JwtAuthenticationFilter.java:[20,2] cannot find symbol
[ERROR]   symbol: class RequiredArgsConstructor
[ERROR] /C:/Users/LO Q/IdeaProjects/SpiderSync/src/main/java/com/Project/SpiderSync/controller/AuthController.java:[8,14] package lombok does not exist
[ERROR] /C:/Users/LO Q/IdeaProjects/SpiderSync/src/main/java/com/Project/SpiderSync/controller/CrawlController.java:[10,14] package lombok does not exist
[ERROR] /C:/Users/LO Q/IdeaProjects/SpiderSync/src/main/java/com/Project/SpiderSync/controller/CrawlController.java:[22,2] cannot find symbol
[ERROR]   symbol: class RequiredArgsConstructor
[ERROR] /C:/Users/LO Q/IdeaProjects/SpiderSync/src/main/java/com/Project/SpiderSync/controller/SearchController.java:[12,14] package lombok does not exist
[ERROR] /C:/Users/LO Q/IdeaProjects/SpiderSync/src/main/java/com/Project/SpiderSync/controller/SearchController.java:[19,2] cannot find symbol
[ERROR]   symbol: class RequiredArgsConstructor
[ERROR] /C:/Users/LO Q/IdeaProjects/SpiderSync/src/main/java/com/Project/SpiderSync/security/CustomUserDetailsService.java:[5,14] package lombok does not exist
[ERROR] /C:/Users/LO Q/IdeaProjects/SpiderSync/src/main/java/com/Project/SpiderSync/security/CustomUserDetailsService.java:[15,2] cannot find symbol
[ERROR]   symbol: class RequiredArgsConstructor
[ERROR] -> [Help 1]
[ERROR] 
[ERROR] To see the full stack trace of the errors, re-run Maven with the -e switch.
[ERROR] Re-run Maven using the -X switch to enable full debug logging.
[ERROR] 
[ERROR] For more information about the errors and possible solutions, please read the following articles:
[ERROR] [Help 1] http://cwiki.apache.org/confluence/display/MAVEN/MojoFailureException
